// Jest Snapshot v1, https://goo.gl/fbAQLP

exports[`renders correctly 1`] = `
<div>
  <div
    className="foodSelector"
  >
    <div
      className="ant-select ant-select-lg ant-select-outlined foodSelectorInput css-dev-only-do-not-override-42nv3w ant-select-single ant-select-show-arrow ant-select-show-search"
      data-gramm="false"
      onBlur={[Function]}
      onFocus={[Function]}
      onKeyDown={[Function]}
      onKeyUp={[Function]}
      onMouseDown={[Function]}
      spellcheck="false"
      style={Object {}}
    >
      <div
        className="ant-select-selector"
        onClick={[Function]}
        onMouseDown={[Function]}
      >
        <span
          className="ant-select-selection-search"
        >
          <input
            aria-autocomplete="list"
            aria-controls="rc_select_TEST_OR_SSR_list"
            aria-expanded={false}
            aria-haspopup="listbox"
            aria-owns="rc_select_TEST_OR_SSR_list"
            autoComplete="off"
            className="ant-select-selection-search-input"
            disabled={false}
            id="rc_select_TEST_OR_SSR"
            onChange={[Function]}
            onCompositionEnd={[Function]}
            onCompositionStart={[Function]}
            onKeyDown={[Function]}
            onMouseDown={[Function]}
            onPaste={[Function]}
            readOnly={false}
            role="combobox"
            style={
              Object {
                "opacity": null,
              }
            }
            type="search"
            unselectable={null}
            value=""
          />
        </span>
        <span
          className="ant-select-selection-placeholder"
        >
          + Add food
        </span>
      </div>
      <span
        aria-hidden={true}
        className="ant-select-arrow"
        onMouseDown={[Function]}
        style={
          Object {
            "WebkitUserSelect": "none",
            "userSelect": "none",
          }
        }
        unselectable="on"
      >
        <span
          aria-label="down"
          className="anticon anticon-down ant-select-suffix"
          role="img"
        >
          <svg
            aria-hidden="true"
            data-icon="down"
            fill="currentColor"
            focusable="false"
            height="1em"
            viewBox="64 64 896 896"
            width="1em"
          >
            <path
              d="M884 256h-75c-5.1 0-9.9 2.5-12.9 6.6L512 654.2 227.9 262.6c-3-4.1-7.8-6.6-12.9-6.6h-75c-6.5 0-10.3 7.4-6.5 12.7l352.6 486.1c12.8 17.6 39 17.6 51.7 0l352.6-486.1c3.9-5.3.1-12.7-6.4-12.7z"
            />
          </svg>
        </span>
      </span>
    </div>
  </div>
  <div
    className="addFoods"
  >
    <span
      aria-label="arrow-up"
      className="anticon anticon-arrow-up animate-flicker"
      role="img"
    >
      <svg
        aria-hidden="true"
        data-icon="arrow-up"
        fill="currentColor"
        focusable="false"
        height="1em"
        viewBox="64 64 896 896"
        width="1em"
      >
        <path
          d="M868 545.5L536.1 163a31.96 31.96 0 00-48.3 0L156 545.5a7.97 7.97 0 006 13.2h81c4.6 0 9-2 12.1-5.5L474 300.9V864c0 4.4 3.6 8 8 8h60c4.4 0 8-3.6 8-8V300.9l218.9 252.3c3 3.5 7.4 5.5 12.1 5.5h81c6.8 0 10.5-8 6-13.2z"
        />
      </svg>
    </span>
  </div>
</div>
`;
